[2025-12-29 14:52:31] [INFO] ======================================================================
[2025-12-29 14:52:31] [INFO] 🤖 Starting AUTONOMOUS Development Workflow
[2025-12-29 14:52:31] [INFO] 📝 Feature: Enhance completed tasks screen with statistics, clear all button, and animations
[2025-12-29 14:52:31] [INFO] 📁 Workspace: workflow_runs/20251229_145231
[2025-12-29 14:52:31] [INFO] 🔧 Code Generation: Enabled
[2025-12-29 14:52:31] [INFO] ======================================================================
[2025-12-29 14:52:31] [INFO] 
🔍 Stage 1: Environment Validation
[2025-12-29 14:52:31] [CMD] Executing: adb version
[2025-12-29 14:52:31] [DEBUG] Output: Android Debug Bridge version 1.0.41
Version 36.0.0-13206524
Installed as /opt/homebrew/bin/adb
Running on Darwin 25.1.0 (arm64)

[2025-12-29 14:52:31] [INFO]    ✅ ADB is available
[2025-12-29 14:52:31] [CMD] Executing: git --version
[2025-12-29 14:52:31] [DEBUG] Output: git version 2.52.0

[2025-12-29 14:52:31] [INFO]    ✅ Git is available
[2025-12-29 14:52:31] [CMD] Executing: cd frontend && ./gradlew --version
[2025-12-29 14:52:32] [DEBUG] Output: 
------------------------------------------------------------
Gradle 8.13
------------------------------------------------------------

Build time:    2025-02-25 09:22:14 UTC
Revision:      0733143326
[2025-12-29 14:52:32] [INFO]    ✅ Gradle is available
[2025-12-29 14:52:32] [CMD] Executing: python3 --version
[2025-12-29 14:52:32] [DEBUG] Output: Python 3.12.7

[2025-12-29 14:52:32] [INFO]    ✅ Python is available
[2025-12-29 14:52:32] [INFO] 
📋 Stage 2: AI-Powered Planning & Analysis
[2025-12-29 14:52:32] [INFO]    🔍 Analyzing codebase structure...
[2025-12-29 14:52:32] [INFO]    📁 Found 14 key files
[2025-12-29 14:52:32] [INFO]    🤖 Generating implementation plan...
[2025-12-29 14:52:32] [INFO]    📄 Plan saved: workflow_runs/20251229_145231/implementation_plan.json
[2025-12-29 14:52:32] [INFO]    📝 Tasks identified: 4
[2025-12-29 14:52:32] [INFO]       1. [create_screen] Create new composable screen
[2025-12-29 14:52:32] [INFO]       2. [modify_ui] Add UI component
[2025-12-29 14:52:32] [INFO]       3. [build] Build and verify compilation
[2025-12-29 14:52:32] [INFO]       4. [test] Generate and run tests
[2025-12-29 14:52:32] [INFO] 
💻 Stage 3: Code Generation
[2025-12-29 14:52:32] [INFO]    Generating code for task 1: Create new composable screen
[2025-12-29 14:52:32] [INFO]    Generating code for task 2: Add UI component
[2025-12-29 14:52:32] [INFO] 
   📊 Code Generation Summary:
[2025-12-29 14:52:32] [INFO]       Files created: 1
[2025-12-29 14:52:32] [INFO]       Files modified: 1
[2025-12-29 14:52:32] [INFO]       Total changes: 2
[2025-12-29 14:52:32] [INFO]    ℹ️  DRY RUN MODE - No files were actually modified
[2025-12-29 14:52:32] [INFO] 
🏗️  Stage 4: Local Build & Validation
[2025-12-29 14:52:32] [INFO]    ℹ️  Skipping build in dry-run mode
[2025-12-29 14:52:32] [INFO] 
🚢 Stage 5: Deployment
[2025-12-29 14:52:32] [INFO]    ℹ️  Skipping deployment in dry-run mode
[2025-12-29 14:52:32] [INFO] 
📱 Stage 6: Installation
[2025-12-29 14:52:32] [INFO]    ℹ️  Skipping installation in dry-run mode
[2025-12-29 14:52:32] [INFO] 
🧪 Stage 7: Automated Testing
[2025-12-29 14:52:32] [INFO]    ℹ️  Skipping tests in dry-run mode
[2025-12-29 14:52:32] [INFO] 
✔️  Stage 8: Verification
[2025-12-29 14:52:32] [INFO] 
   ✅ All verification checks passed!
[2025-12-29 14:52:32] [INFO] 
📋 Complete summary saved: workflow_runs/20251229_145231/workflow_summary.json
[2025-12-29 14:52:32] [INFO] 
======================================================================
[2025-12-29 14:52:32] [INFO] ✅ AUTONOMOUS WORKFLOW COMPLETED SUCCESSFULLY
[2025-12-29 14:52:32] [INFO] ======================================================================
