[2025-12-29 14:38:17] [INFO] ======================================================================
[2025-12-29 14:38:17] [INFO] 🚀 Starting Automated Development Workflow
[2025-12-29 14:38:17] [INFO] 📝 Feature: Add a one more screen for showing completed tasks instead of on screen
[2025-12-29 14:38:17] [INFO] 📁 Workspace: workflow_runs/20251229_143817
[2025-12-29 14:38:17] [INFO] ======================================================================
[2025-12-29 14:38:17] [INFO] 
🔍 Stage 1: Environment Validation
[2025-12-29 14:38:17] [CMD] Executing: adb version
[2025-12-29 14:38:17] [DEBUG] Output: Android Debug Bridge version 1.0.41
Version 36.0.0-13206524
Installed as /opt/homebrew/bin/adb
Running on Darwin 25.1.0 (arm64)

[2025-12-29 14:38:17] [INFO]    ✅ ADB is available
[2025-12-29 14:38:17] [CMD] Executing: git --version
[2025-12-29 14:38:17] [DEBUG] Output: git version 2.52.0

[2025-12-29 14:38:17] [INFO]    ✅ Git is available
[2025-12-29 14:38:17] [CMD] Executing: cd frontend && ./gradlew --version
[2025-12-29 14:38:18] [DEBUG] Output: 
------------------------------------------------------------
Gradle 8.13
------------------------------------------------------------

Build time:    2025-02-25 09:22:14 UTC
Revision:      0733143326
[2025-12-29 14:38:18] [INFO]    ✅ Gradle is available
[2025-12-29 14:38:18] [CMD] Executing: python3 --version
[2025-12-29 14:38:18] [DEBUG] Output: Python 3.12.7

[2025-12-29 14:38:18] [INFO]    ✅ Python is available
[2025-12-29 14:38:18] [CMD] Executing: curl -s http://localhost:8081/health || echo "not_running"
[2025-12-29 14:38:18] [DEBUG] Output: {"status":"healthy"}
[2025-12-29 14:38:18] [INFO]    ✅ Backend is accessible
[2025-12-29 14:38:18] [INFO] 
📋 Stage 2: Planning
[2025-12-29 14:38:18] [INFO]    📄 Plan saved: workflow_runs/20251229_143817/plan.json
[2025-12-29 14:38:18] [INFO] 
🏗️  Stage 3: Local Build & Validation
[2025-12-29 14:38:18] [INFO]    Attempt 1/3
[2025-12-29 14:38:18] [CMD] Executing: ./gradlew assembleDebug
[2025-12-29 14:38:20] [DEBUG] Output: > Task :app:preBuild UP-TO-DATE
> Task :app:preDebugBuild UP-TO-DATE
> Task :app:mergeDebugNativeDebugMetadata NO-SOURCE
> Task :app:checkKotlinGradlePluginConfigurationErrors SKIPPED
> Task :app:gene
[2025-12-29 14:38:20] [INFO]    ✅ Build successful!
[2025-12-29 14:38:20] [INFO] 
🚢 Stage 4: Deployment
[2025-12-29 14:38:20] [INFO]    Running deploy.sh...
[2025-12-29 14:38:20] [CMD] Executing: ./deploy.sh
